
 Start  Stop   Length Name               Class

 00000H 02519H 0251AH _TEXT              CODE
 0251AH 0281DH 00304H TEST_TEXT          CODE
 0281EH 028F3H 000D6H OS_CPU_A_TEXT      CODE
 028F4H 02AC9H 001D6H OS_CPU_C_TEXT      CODE
 02ACAH 02E46H 0037DH PC_TEXT            CODE
 02E47H 066C7H 03881H UCOS_II_TEXT       CODE
 066D0H 066D0H 00000H _FARDATA           FAR_DATA
 066D0H 066D0H 00000H _FARBSS            FAR_BSS
 066D0H 066D0H 00000H _OVERLAY_          OVRINFO
 066D0H 066D0H 00000H _1STUB_            STUBSEG
 066D0H 06CE3H 00614H _DATA              DATA
 06CE4H 06CE5H 00002H _CVTSEG            DATA
 06CE6H 06CEBH 00006H _SCNSEG            DATA
 06CECH 06CECH 00000H _CONST             CONST
 06CECH 06CF7H 0000CH _INIT_             INITDATA
 06CF8H 06CF8H 00000H _INITEND_          INITDATA
 06CF8H 06CF8H 00000H _EXIT_             EXITDATA
 06CF8H 06CF8H 00000H _EXITEND_          EXITDATA
 06CF8H 0FEFBH 09204H _BSS               BSS
 0FEFCH 0FEFCH 00000H _BSSEND            BSSEND
 0FF00H 0FF7FH 00080H _STACK             STACK


Detailed map of segments

 0000:0000 0295 C=CODE   S=_TEXT          G=(none)  M=c0.ASM     ACBP=28
 0000:0295 002D C=CODE   S=_TEXT          G=(none)  M=ATEXIT     ACBP=28
 0000:02C2 0093 C=CODE   S=_TEXT          G=(none)  M=EXIT       ACBP=28
 0000:0355 0000 C=CODE   S=_TEXT          G=(none)  M=FILES      ACBP=28
 0000:0355 0000 C=CODE   S=_TEXT          G=(none)  M=FILES2     ACBP=28
 0000:0355 0017 C=CODE   S=_TEXT          G=(none)  M=F_LXMUL    ACBP=28
 0000:036C 0026 C=CODE   S=_TEXT          G=(none)  M=GETDATE    ACBP=28
 0000:0392 00AE C=CODE   S=_TEXT          G=(none)  M=H_LDIV     ACBP=28
 0000:0440 0021 C=CODE   S=_TEXT          G=(none)  M=H_LLSH     ACBP=28
 0000:0461 0021 C=CODE   S=_TEXT          G=(none)  M=H_LURSH    ACBP=28
 0000:0482 0060 C=CODE   S=_TEXT          G=(none)  M=H_PADD     ACBP=28
 0000:04E2 004B C=CODE   S=_TEXT          G=(none)  M=IOERROR    ACBP=28
 0000:052D 0011 C=CODE   S=_TEXT          G=(none)  M=ISATTY     ACBP=28
 0000:053E 00A2 C=CODE   S=_TEXT          G=(none)  M=LONGTOA    ACBP=28
 0000:05E0 0029 C=CODE   S=_TEXT          G=(none)  M=LSEEK      ACBP=28
 0000:0609 0021 C=CODE   S=_TEXT          G=(none)  M=N_PCMP     ACBP=28
 0000:062A 00BA C=CODE   S=_TEXT          G=(none)  M=SETUPIO    ACBP=28
 0000:06E4 0000 C=CODE   S=_TEXT          G=(none)  M=STKLEN     ACBP=28
 0000:06E4 04DB C=CODE   S=_TEXT          G=(none)  M=VPRINTER   ACBP=28
 0000:0BBF 009F C=CODE   S=_TEXT          G=(none)  M=VRAM       ACBP=28
 0000:0C5E 0000 C=CODE   S=_TEXT          G=(none)  M=WSCROLL    ACBP=28
 0000:0C5E 014E C=CODE   S=_TEXT          G=(none)  M=CPRINTF    ACBP=28
 0000:0DAC 01A5 C=CODE   S=_TEXT          G=(none)  M=CRTINIT    ACBP=28
 0000:0F51 001F C=CODE   S=_TEXT          G=(none)  M=CVTFAK     ACBP=28
 0000:0F70 0432 C=CODE   S=_TEXT          G=(none)  M=FARHEAP    ACBP=28
 0000:13A2 0140 C=CODE   S=_TEXT          G=(none)  M=FBRK       ACBP=28
 0000:14E2 005E C=CODE   S=_TEXT          G=(none)  M=GETCH      ACBP=28
 0000:1540 00AC C=CODE   S=_TEXT          G=(none)  M=GPTEXT     ACBP=28
 0000:15EC 0012 C=CODE   S=_TEXT          G=(none)  M=KBHIT      ACBP=28
 0000:15FE 009D C=CODE   S=_TEXT          G=(none)  M=MOVETEXT   ACBP=28
 0000:169B 0017 C=CODE   S=_TEXT          G=(none)  M=PUTCH      ACBP=28
 0000:16B2 0004 C=CODE   S=_TEXT          G=(none)  M=REALCVT    ACBP=28
 0000:16B6 01C7 C=CODE   S=_TEXT          G=(none)  M=SCREEN     ACBP=28
 0000:187D 018E C=CODE   S=_TEXT          G=(none)  M=SCROLL     ACBP=28
 0000:1A0B 001C C=CODE   S=_TEXT          G=(none)  M=SETBLOCK   ACBP=28
 0000:1A27 006A C=CODE   S=_TEXT          G=(none)  M=SETJMP     ACBP=28
 0000:1A91 002C C=CODE   S=_TEXT          G=(none)  M=WHEREXY    ACBP=28
 0000:1ABD 00CD C=CODE   S=_TEXT          G=(none)  M=FFLUSH     ACBP=28
 0000:1B8A 0042 C=CODE   S=_TEXT          G=(none)  M=FLUSHALL   ACBP=28
 0000:1BCC 01E2 C=CODE   S=_TEXT          G=(none)  M=FSEEK      ACBP=28
 0000:1DAE 0024 C=CODE   S=_TEXT          G=(none)  M=MEMCPY     ACBP=28
 0000:1DD2 001B C=CODE   S=_TEXT          G=(none)  M=PRINTF     ACBP=28
 0000:1DED 03C8 C=CODE   S=_TEXT          G=(none)  M=PUTC       ACBP=28
 0000:21B5 011D C=CODE   S=_TEXT          G=(none)  M=SETVBUF    ACBP=28
 0000:22D2 0083 C=CODE   S=_TEXT          G=(none)  M=SPRINTF    ACBP=28
 0000:2355 0151 C=CODE   S=_TEXT          G=(none)  M=WRITE      ACBP=28
 0000:24A6 003C C=CODE   S=_TEXT          G=(none)  M=WRITEA     ACBP=28
 0000:24E2 0038 C=CODE   S=_TEXT          G=(none)  M=XFFLUSH    ACBP=28
 0251:000A 0304 C=CODE   S=TEST_TEXT      G=(none)  M=test.c     ACBP=28
 0281:000E 00D6 C=CODE   S=OS_CPU_A_TEXT  G=(none)  M=\SOFTWARE\uCOS-II\Ix86L\BC45\OS_CPU_A.ASM ACBP=48
 028F:0004 01D6 C=CODE   S=OS_CPU_C_TEXT  G=(none)  M=os_cpu_c.c ACBP=28
 02AC:000A 037D C=CODE   S=PC_TEXT        G=(none)  M=pc.c       ACBP=28
 02E4:0007 3881 C=CODE   S=UCOS_II_TEXT   G=(none)  M=ucos_ii.c  ACBP=28
 066D:0000 0000 C=FAR_DATA S=_FARDATA       G=(none)  M=c0.ASM     ACBP=68
 066D:0000 0000 C=FAR_BSS S=_FARBSS        G=(none)  M=c0.ASM     ACBP=68
 066D:0000 0000 C=OVRINFO S=_OVERLAY_      G=(none)  M=c0.ASM     ACBP=68
 066D:0000 0000 C=STUBSEG S=_1STUB_        G=(none)  M=c0.ASM     ACBP=68
 066D:0000 0093 C=DATA   S=_DATA          G=DGROUP  M=c0.ASM     ACBP=68
 066D:0094 0097 C=DATA   S=_DATA          G=DGROUP  M=test.c     ACBP=48
 066D:012C 0000 C=DATA   S=_DATA          G=DGROUP  M=\SOFTWARE\uCOS-II\Ix86L\BC45\OS_CPU_A.ASM ACBP=48
 066D:012C 0000 C=DATA   S=_DATA          G=DGROUP  M=os_cpu_c.c ACBP=48
 066D:012C 001F C=DATA   S=_DATA          G=DGROUP  M=pc.c       ACBP=48
 066D:014C 01E4 C=DATA   S=_DATA          G=DGROUP  M=ucos_ii.c  ACBP=48
 066D:0330 0002 C=DATA   S=_DATA          G=DGROUP  M=ATEXIT     ACBP=48
 066D:0332 000C C=DATA   S=_DATA          G=DGROUP  M=EXIT       ACBP=48
 066D:033E 0190 C=DATA   S=_DATA          G=DGROUP  M=FILES      ACBP=48
 066D:04CE 002A C=DATA   S=_DATA          G=DGROUP  M=FILES2     ACBP=48
 066D:04F8 0000 C=DATA   S=_DATA          G=DGROUP  M=F_LXMUL    ACBP=48
 066D:04F8 0000 C=DATA   S=_DATA          G=DGROUP  M=GETDATE    ACBP=48
 066D:04F8 0000 C=DATA   S=_DATA          G=DGROUP  M=H_LDIV     ACBP=48
 066D:04F8 0000 C=DATA   S=_DATA          G=DGROUP  M=H_LLSH     ACBP=48
 066D:04F8 0000 C=DATA   S=_DATA          G=DGROUP  M=H_LURSH    ACBP=48
 066D:04F8 0000 C=DATA   S=_DATA          G=DGROUP  M=H_PADD     ACBP=48
 066D:04F8 005B C=DATA   S=_DATA          G=DGROUP  M=IOERROR    ACBP=48
 066D:0554 0000 C=DATA   S=_DATA          G=DGROUP  M=ISATTY     ACBP=48
 066D:0554 0000 C=DATA   S=_DATA          G=DGROUP  M=LONGTOA    ACBP=48
 066D:0554 0000 C=DATA   S=_DATA          G=DGROUP  M=LSEEK      ACBP=48
 066D:0554 0000 C=DATA   S=_DATA          G=DGROUP  M=N_PCMP     ACBP=48
 066D:0554 0000 C=DATA   S=_DATA          G=DGROUP  M=SETUPIO    ACBP=48
 066D:0554 0002 C=DATA   S=_DATA          G=DGROUP  M=STKLEN     ACBP=48
 066D:0556 0067 C=DATA   S=_DATA          G=DGROUP  M=VPRINTER   ACBP=48
 066D:05BE 0000 C=DATA   S=_DATA          G=DGROUP  M=VRAM       ACBP=48
 066D:05BE 0002 C=DATA   S=_DATA          G=DGROUP  M=WSCROLL    ACBP=48
 066D:05C0 0000 C=DATA   S=_DATA          G=DGROUP  M=CPRINTF    ACBP=48
 066D:05C0 0018 C=DATA   S=_DATA          G=DGROUP  M=CRTINIT    ACBP=48
 066D:05D8 0031 C=DATA   S=_DATA          G=DGROUP  M=CVTFAK     ACBP=48
 066D:060A 0000 C=DATA   S=_DATA          G=DGROUP  M=FARHEAP    ACBP=48
 066D:060A 0002 C=DATA   S=_DATA          G=DGROUP  M=FBRK       ACBP=48
 066D:060C 0000 C=DATA   S=_DATA          G=DGROUP  M=GETCH      ACBP=48
 066D:060C 0000 C=DATA   S=_DATA          G=DGROUP  M=GPTEXT     ACBP=48
 066D:060C 0002 C=DATA   S=_DATA          G=DGROUP  M=KBHIT      ACBP=48
 066D:060E 0000 C=DATA   S=_DATA          G=DGROUP  M=MOVETEXT   ACBP=48
 066D:060E 0000 C=DATA   S=_DATA          G=DGROUP  M=PUTCH      ACBP=48
 066D:060E 0000 C=DATA   S=_DATA          G=DGROUP  M=REALCVT    ACBP=48
 066D:060E 0000 C=DATA   S=_DATA          G=DGROUP  M=SCREEN     ACBP=48
 066D:060E 0000 C=DATA   S=_DATA          G=DGROUP  M=SCROLL     ACBP=48
 066D:060E 0000 C=DATA   S=_DATA          G=DGROUP  M=SETBLOCK   ACBP=48
 066D:060E 0000 C=DATA   S=_DATA          G=DGROUP  M=SETJMP     ACBP=48
 066D:060E 0000 C=DATA   S=_DATA          G=DGROUP  M=WHEREXY    ACBP=48
 066D:060E 0000 C=DATA   S=_DATA          G=DGROUP  M=FFLUSH     ACBP=48
 066D:060E 0000 C=DATA   S=_DATA          G=DGROUP  M=FLUSHALL   ACBP=48
 066D:060E 0000 C=DATA   S=_DATA          G=DGROUP  M=FSEEK      ACBP=48
 066D:060E 0000 C=DATA   S=_DATA          G=DGROUP  M=MEMCPY     ACBP=48
 066D:060E 0000 C=DATA   S=_DATA          G=DGROUP  M=PRINTF     ACBP=48
 066D:060E 0001 C=DATA   S=_DATA          G=DGROUP  M=PUTC       ACBP=48
 066D:0610 0004 C=DATA   S=_DATA          G=DGROUP  M=SETVBUF    ACBP=48
 066D:0614 0000 C=DATA   S=_DATA          G=DGROUP  M=SPRINTF    ACBP=48
 066D:0614 0000 C=DATA   S=_DATA          G=DGROUP  M=WRITE      ACBP=48
 066D:0614 0000 C=DATA   S=_DATA          G=DGROUP  M=WRITEA     ACBP=48
 066D:0614 0000 C=DATA   S=_DATA          G=DGROUP  M=XFFLUSH    ACBP=48
 066D:0614 0000 C=DATA   S=_CVTSEG        G=DGROUP  M=c0.ASM     ACBP=48
 066D:0614 0002 C=DATA   S=_CVTSEG        G=DGROUP  M=CVTFAK     ACBP=48
 066D:0616 0000 C=DATA   S=_CVTSEG        G=DGROUP  M=REALCVT    ACBP=48
 066D:0616 0000 C=DATA   S=_SCNSEG        G=DGROUP  M=c0.ASM     ACBP=48
 066D:0616 0006 C=DATA   S=_SCNSEG        G=DGROUP  M=CVTFAK     ACBP=48
 066D:061C 0000 C=CONST  S=_CONST         G=DGROUP  M=c0.ASM     ACBP=48
 066D:061C 0000 C=INITDATA S=_INIT_         G=DGROUP  M=c0.ASM     ACBP=48
 066D:061C 0006 C=INITDATA S=_INIT_         G=DGROUP  M=SETUPIO    ACBP=48
 066D:0622 0006 C=INITDATA S=_INIT_         G=DGROUP  M=CRTINIT    ACBP=48
 066D:0628 0000 C=INITDATA S=_INITEND_      G=DGROUP  M=c0.ASM     ACBP=28
 066D:0628 0000 C=EXITDATA S=_EXIT_         G=DGROUP  M=c0.ASM     ACBP=48
 066D:0628 0000 C=EXITDATA S=_EXITEND_      G=DGROUP  M=c0.ASM     ACBP=28
 066D:0628 0000 C=BSS    S=_BSS           G=DGROUP  M=c0.ASM     ACBP=48
 066D:0628 8540 C=BSS    S=_BSS           G=DGROUP  M=test.c     ACBP=48
 066D:8B68 0001 C=BSS    S=_BSS           G=DGROUP  M=os_cpu_c.c ACBP=48
 066D:8B6A 001B C=BSS    S=_BSS           G=DGROUP  M=pc.c       ACBP=48
 066D:8B86 0C24 C=BSS    S=_BSS           G=DGROUP  M=ucos_ii.c  ACBP=48
 066D:97AA 0080 C=BSS    S=_BSS           G=DGROUP  M=ATEXIT     ACBP=48
 066D:982A 0000 C=BSS    S=_BSS           G=DGROUP  M=IOERROR    ACBP=48
 066D:982A 0000 C=BSS    S=_BSS           G=DGROUP  M=ISATTY     ACBP=48
 066D:982A 0000 C=BSS    S=_BSS           G=DGROUP  M=LONGTOA    ACBP=48
 066D:982A 0000 C=BSS    S=_BSS           G=DGROUP  M=LSEEK      ACBP=48
 066D:982A 0000 C=BSS    S=_BSS           G=DGROUP  M=SETUPIO    ACBP=48
 066D:982A 0000 C=BSS    S=_BSS           G=DGROUP  M=VPRINTER   ACBP=48
 066D:982A 0000 C=BSS    S=_BSS           G=DGROUP  M=VRAM       ACBP=48
 066D:982A 0000 C=BSS    S=_BSS           G=DGROUP  M=CRTINIT    ACBP=48
 066D:982A 0000 C=BSS    S=_BSS           G=DGROUP  M=GETCH      ACBP=48
 066D:982A 0000 C=BSS    S=_BSS           G=DGROUP  M=KBHIT      ACBP=48
 066D:982A 0000 C=BSS    S=_BSS           G=DGROUP  M=SETBLOCK   ACBP=48
 066D:982A 0000 C=BSS    S=_BSS           G=DGROUP  M=SETJMP     ACBP=48
 066D:982A 0000 C=BSS    S=_BSS           G=DGROUP  M=MEMCPY     ACBP=48
 066D:982A 0001 C=BSS    S=_BSS           G=DGROUP  M=PUTC       ACBP=48
 066D:982C 0000 C=BSS    S=_BSS           G=DGROUP  M=WRITEA     ACBP=48
 066D:982C 0000 C=BSSEND S=_BSSEND        G=DGROUP  M=c0.ASM     ACBP=28
 0FF0:0000 0080 C=STACK  S=_STACK         G=(none)  M=c0.ASM     ACBP=74

  Address         Publics by Name

 066D:0000 idle  DATASEG@
 0000:0291 idle  DGROUP@
 0000:0395 idle  F_LDIV@
 0000:03A4 idle  F_LMOD@
 0000:039C       F_LUDIV@
 0000:03AC idle  F_LUMOD@
 0000:0443       F_LXLSH@
 0000:0355       F_LXMUL@
 0000:0464       F_LXURSH@
 0000:0485 idle  F_PADD@
 0000:04B4 idle  F_PSUB@
 0000:0395 idle  LDIV@
 0000:03A4 idle  LMOD@
 0000:039C idle  LUDIV@
 0000:03AC idle  LUMOD@
 0000:0443 idle  LXLSH@
 0000:0355 idle  LXMUL@
 0000:0464 idle  LXURSH@
 0000:0392 idle  N_LDIV@
 0000:03A1 idle  N_LMOD@
 0000:0399 idle  N_LUDIV@
 0000:03A9 idle  N_LUMOD@
 0000:0440       N_LXLSH@
 0000:0461 idle  N_LXURSH@
 0000:0482       N_PADD@
 0000:0609       N_PCMP@
 0000:04B1 idle  N_PSUB@
 0000:0485 idle  PADD@
 0000:04B4 idle  PSUB@
 0000:027A       _abort
 0000:0295 idle  _atexit
 0000:0D90 idle  _cprintf
 066D:1638       _CtxSwMessage
 066D:0094       _CtxSwMessageTop
 066D:1630 idle  _debugMessage
 066D:0096 idle  _debugMessTop
 066D:05CF       _directvideo
 066D:007F       _errno
 0000:031A       _exit
 0000:10B0 idle  _farfree
 0000:11C4 idle  _farmalloc
 0000:1328 idle  _farrealloc
 0000:1ABD       _fflush
 0000:1B8A       _flushall
 0000:1E09 idle  _fputc
 0000:1F9E idle  _fputchar
 0000:10B0       _free
 0000:1C4E       _fseek
 0000:1CCE idle  _ftell
 0000:14E2       _getch
 0000:14FE idle  _getche
 0000:036C       _getdate
 02E4:00B2 idle  _getPrioHightRdy
 0000:1540       _gettext
 0000:037F       _gettime
 0000:052D       _isatty
 0000:15EC       _kbhit
 0000:1A5D       _longjmp
 0000:05E0       _lseek
 0251:000A       _main
 0000:11BA       _malloc
 0000:1DAE       _memcpy
 0000:15FE       _movetext
 066D:9766 idle  _OSCPUUsage
 0281:002C       _OSCtxSw
 066D:97A6       _OSCtxSwCtr
 066D:97A2 idle  _OSEventFreeList
 066D:978E idle  _OSEventTbl
 02E4:099A idle  _OSFlagAccept
 02E4:0ACC idle  _OSFlagCreate
 02E4:0B44 idle  _OSFlagDel
 066D:9767 idle  _OSFlagFreeList
 02E4:0C86 idle  _OSFlagPend
 02E4:0EE0 idle  _OSFlagPost
 02E4:1080 idle  _OSFlagQuery
 066D:976B idle  _OSFlagTbl
 066D:934F idle  _OSIdleCtr
 066D:9762 idle  _OSIdleCtrMax
 066D:975E idle  _OSIdleCtrRun
 02E4:0007       _OSInit
 028F:0004       _OSInitHookBegin
 028F:0005       _OSInitHookEnd
 0281:0067       _OSIntCtxSw
 02E4:003A idle  _OSIntEnter
 02E4:013F       _OSIntExit
 066D:935B idle  _OSIntExitY
 066D:935C       _OSIntNesting
 066D:935A idle  _OSLockNesting
 066D:014C idle  _OSMapTbl
 02E4:1310 idle  _OSMboxAccept
 02E4:135B idle  _OSMboxCreate
 02E4:13D0 idle  _OSMboxDel
 02E4:14EE idle  _OSMboxPend
 02E4:15F0 idle  _OSMboxPost
 02E4:1668 idle  _OSMboxPostOpt
 02E4:170B idle  _OSMboxQuery
 02E4:1799 idle  _OSMemCreate
 066D:8C22 idle  _OSMemFreeList
 02E4:18E4 idle  _OSMemGet
 02E4:1962 idle  _OSMemPut
 02E4:19D2 idle  _OSMemQuery
 066D:8BBE idle  _OSMemTbl
 02E4:1B1F idle  _OSMutexAccept
 02E4:1BAA idle  _OSMutexCreate
 02E4:1C90 idle  _OSMutexDel
 02E4:1DEA idle  _OSMutexPend
 02E4:1FD5 idle  _OSMutexPost
 02E4:215D idle  _OSMutexQuery
 066D:9359       _OSPrioCur
 066D:9358       _OSPrioHighRdy
 02E4:2212 idle  _OSQAccept
 02E4:22B2 idle  _OSQCreate
 02E4:23D5 idle  _OSQDel
 02E4:2552 idle  _OSQFlush
 066D:8BBA idle  _OSQFreeList
 02E4:25AA idle  _OSQPend
 02E4:26F0 idle  _OSQPost
 02E4:27B8 idle  _OSQPostFront
 02E4:287A idle  _OSQPostOpt
 02E4:29B8 idle  _OSQQuery
 066D:8B8A idle  _OSQTbl
 066D:9357 idle  _OSRdyGrp
 066D:9355 idle  _OSRdyTbl
 066D:9354       _OSRunning
 02E4:01CD idle  _OSSchedLock
 02E4:01E3 idle  _OSSchedUnlock
 02E4:2ADD idle  _OSSemAccept
 02E4:2B0F idle  _OSSemCreate
 02E4:2B83 idle  _OSSemDel
 02E4:2CA1 idle  _OSSemPend
 02E4:2D51 idle  _OSSemPost
 02E4:2DAB idle  _OSSemQuery
 02E4:0210       _OSStart
 0281:000E       _OSStartHighRdy
 02E4:0242 idle  _OSStatInit
 066D:975D idle  _OSStatRdy
 02E4:2E31 idle  _OSTaskChangePrio
 02E4:2FFD       _OSTaskCreate
 02E4:30BA idle  _OSTaskCreateExt
 028F:0006       _OSTaskCreateHook
 066D:9353 idle  _OSTaskCtr
 02E4:31AA idle  _OSTaskDel
 028F:000B       _OSTaskDelHook
 02E4:3389 idle  _OSTaskDelReq
 028F:0010       _OSTaskIdleHook
 066D:8F4F idle  _OSTaskIdleStk
 02E4:3607 idle  _OSTaskQuery
 02E4:33F5 idle  _OSTaskResume
 028F:0011       _OSTaskStatHook
 066D:935D idle  _OSTaskStatStk
 02E4:3474 idle  _OSTaskStkChk
 028F:0012       _OSTaskStkInit
 028F:00F8 idle  _OSTaskStkInit_FPE_x86
 02E4:3559 idle  _OSTaskSuspend
 028F:01D3       _OSTaskSwHook
 066D:8F4B       _OSTCBCur
 066D:8F47 idle  _OSTCBFreeList
 066D:8F43       _OSTCBHighRdy
 028F:01D4       _OSTCBInitHook
 066D:8F3F idle  _OSTCBList
 066D:8F0B       _OSTCBPrioTbl
 066D:8C26 idle  _OSTCBTbl
 066D:8B68       _OSTickDOSCtr
 0281:0094       _OSTickISR
 066D:8B86       _OSTime
 02E4:3675       _OSTimeDly
 02E4:36ED idle  _OSTimeDlyHMSM
 02E4:37DC idle  _OSTimeDlyResume
 02E4:3854       _OSTimeGet
 02E4:3873       _OSTimeSet
 02E4:027D       _OSTimeTick
 028F:01D9       _OSTimeTickHook
 066D:0154 idle  _OSUnMapTbl
 02E4:0316 idle  _OSVersion
 02E4:031A idle  _OS_Dummy
 02E4:031B idle  _OS_EventTaskRdy
 02E4:03E5 idle  _OS_EventTaskWait
 02E4:0452 idle  _OS_EventTO
 02E4:04A6 idle  _OS_EventWaitListInit
 02E4:11A2 idle  _OS_FlagInit
 02E4:1261 idle  _OS_FlagUnlink
 02E4:1A7B idle  _OS_MemInit
 02E4:2A8D idle  _OS_QInit
 02E4:06A0 idle  _OS_Sched
 02E4:0716 idle  _OS_TaskIdle
 02E4:073B idle  _OS_TaskStat
 02E4:0807 idle  _OS_TCBInit
 02AC:000A idle  _PC_DispChar
 02AC:0048 idle  _PC_DispClrCol
 02AC:008E idle  _PC_DispClrRow
 02AC:00C7       _PC_DispClrScr
 02AC:00F8 idle  _PC_DispStr
 02AC:0147       _PC_DOSReturn
 02AC:015B       _PC_DOSSaveReturn
 02AC:01C9 idle  _PC_ElapsedInit
 02AC:01DD idle  _PC_ElapsedStart
 02AC:0203 idle  _PC_ElapsedStop
 02AC:0254 idle  _PC_GetDateTime
 02AC:02A7       _PC_GetKey
 02AC:02CE       _PC_SetTickRate
 066D:8B6A idle  _PC_TickISR
 02AC:031B idle  _PC_VectGet
 02AC:0352       _PC_VectSet
 066D:1634 idle  _printCtxSwMbox
 0251:02DE idle  _printCtxSwMessage
 0251:02A8 idle  _printDebugMess
 0000:1DD2       _printf
 02E4:004D idle  _printTCBList
 0000:169B       _putch
 0000:1596       _puttext
 0000:1321 idle  _realloc
 0000:1A0B       _setblock
 0000:1A27       _setjmp
 0000:21B5       _setvbuf
 0000:2312       _sprintf
 0251:01C4 idle  _Task
 066D:0628 idle  _TaskData
 066D:0630 idle  _TaskPrintCtxSwStk
 0251:009C idle  _TaskStart
 066D:0A30 idle  _TaskStartStk
 066D:0E30 idle  _TaskStk
 0000:1522 idle  _ungetch
 0000:2334 idle  _vsprintf
 0000:1A9B idle  _wherex
 0000:1AAA idle  _wherey
 0000:1000 idle  __AHINCR
 0000:000C idle  __AHSHIFT
 066D:0330       __atexitcnt
 066D:97AA       __atexittbl
 0000:1418       __brk
 066D:008B       __brklvl
 066D:006B idle  __C0argc
 066D:006D idle  __C0argv
 0000:0E72 idle  __c0crtinit
 066D:0071 idle  __C0environ
 066D:060D       __cChar
 0000:033B idle  __cexit
 066D:060C       __cFlag
 0000:016A       __checknull
 0000:0157       __cleanup
 0000:0C5E       __CPUTN
 0000:0E8F idle  __crtinit
 0000:0000  Abs  __cvtfak
 0000:0349 idle  __c_exit
 066D:04F8 idle  __doserrno
 0000:051B idle  __DOSERROR
 066D:04FA idle  __dosErrorToSV
 066D:0075 idle  __envLng
 066D:0077 idle  __envseg
 066D:0079 idle  __envSize
 0000:0329       __exit
 066D:0332       __exitbuf
 066D:0336 idle  __exitfopen
 066D:033A idle  __exitopen
 0000:1DED idle  __fputc
 0000:1FB2       __FPUTN
 066D:0087       __heapbase
 066D:008F       __heaptop
 066D:005B idle  __Int0Vector
 066D:005F idle  __Int4Vector
 066D:0063 idle  __Int5Vector
 066D:0067 idle  __Int6Vector
 0000:04E2       __IOERROR
 0000:053E       __LONGTOA
 0000:0293 idle  __MMODEL
 066D:04CE       __nfile
 0000:14FB idle  __Ngetche
 0000:151F idle  __Nungetch
 066D:04D0       __openfd
 066D:007D idle  __osmajor
 066D:007E idle  __osminor
 066D:007D idle  __osversion
 066D:007B       __psp
 0000:16B2       __REALCVT
 066D:0614       __RealCvtVector
 0000:01C0       __restorezero
 0000:1457       __sbrk
 066D:0616 idle  __ScanTodVector
 0000:17EC       __SCREENIO
 0000:189F       __SCROLL
 0000:062A       __setupio
 066D:0081 idle  __StartTime
 066D:0554       __stklen
 066D:033E       __streams
 0000:016B       __terminate
 0000:0000 idle  __turboCrt
 0000:05C0 idle  __UTOA
 0000:1828       __VALIDATEXY
 066D:007D idle  __version
 066D:05C0       __video
 0000:0DE7       __VideoInt
 0000:06FC       __VPRINTER
 0000:0BBF       __VPTR
 0000:0BE4       __VRAM
 0000:1A91       __wherexy
 0000:24A6       __write
 066D:05BE       __wscroll
 0000:24E2       __xfflush
 066D:0085 idle  ___brklvl
 0000:0F70 idle  ___first
 0000:0F72 idle  ___last
 0000:0F74 idle  ___rover
 0000:2355       ___write

  Address         Publics by Value

 0000:0000 idle  __turboCrt
 0000:0000  Abs  __cvtfak
 0000:000C idle  __AHSHIFT
 0000:0157       __cleanup
 0000:016A       __checknull
 0000:016B       __terminate
 0000:01C0       __restorezero
 0000:027A       _abort
 0000:0291 idle  DGROUP@
 0000:0293 idle  __MMODEL
 0000:0295 idle  _atexit
 0000:031A       _exit
 0000:0329       __exit
 0000:033B idle  __cexit
 0000:0349 idle  __c_exit
 0000:0355       F_LXMUL@
 0000:0355 idle  LXMUL@
 0000:036C       _getdate
 0000:037F       _gettime
 0000:0392 idle  N_LDIV@
 0000:0395 idle  LDIV@
 0000:0395 idle  F_LDIV@
 0000:0399 idle  N_LUDIV@
 0000:039C       F_LUDIV@
 0000:039C idle  LUDIV@
 0000:03A1 idle  N_LMOD@
 0000:03A4 idle  F_LMOD@
 0000:03A4 idle  LMOD@
 0000:03A9 idle  N_LUMOD@
 0000:03AC idle  LUMOD@
 0000:03AC idle  F_LUMOD@
 0000:0440       N_LXLSH@
 0000:0443       F_LXLSH@
 0000:0443 idle  LXLSH@
 0000:0461 idle  N_LXURSH@
 0000:0464       F_LXURSH@
 0000:0464 idle  LXURSH@
 0000:0482       N_PADD@
 0000:0485 idle  F_PADD@
 0000:0485 idle  PADD@
 0000:04B1 idle  N_PSUB@
 0000:04B4 idle  F_PSUB@
 0000:04B4 idle  PSUB@
 0000:04E2       __IOERROR
 0000:051B idle  __DOSERROR
 0000:052D       _isatty
 0000:053E       __LONGTOA
 0000:05C0 idle  __UTOA
 0000:05E0       _lseek
 0000:0609       N_PCMP@
 0000:062A       __setupio
 0000:06FC       __VPRINTER
 0000:0BBF       __VPTR
 0000:0BE4       __VRAM
 0000:0C5E       __CPUTN
 0000:0D90 idle  _cprintf
 0000:0DE7       __VideoInt
 0000:0E72 idle  __c0crtinit
 0000:0E8F idle  __crtinit
 0000:0F70 idle  ___first
 0000:0F72 idle  ___last
 0000:0F74 idle  ___rover
 0000:1000 idle  __AHINCR
 0000:10B0       _free
 0000:10B0 idle  _farfree
 0000:11BA       _malloc
 0000:11C4 idle  _farmalloc
 0000:1321 idle  _realloc
 0000:1328 idle  _farrealloc
 0000:1418       __brk
 0000:1457       __sbrk
 0000:14E2       _getch
 0000:14FB idle  __Ngetche
 0000:14FE idle  _getche
 0000:151F idle  __Nungetch
 0000:1522 idle  _ungetch
 0000:1540       _gettext
 0000:1596       _puttext
 0000:15EC       _kbhit
 0000:15FE       _movetext
 0000:169B       _putch
 0000:16B2       __REALCVT
 0000:17EC       __SCREENIO
 0000:1828       __VALIDATEXY
 0000:189F       __SCROLL
 0000:1A0B       _setblock
 0000:1A27       _setjmp
 0000:1A5D       _longjmp
 0000:1A91       __wherexy
 0000:1A9B idle  _wherex
 0000:1AAA idle  _wherey
 0000:1ABD       _fflush
 0000:1B8A       _flushall
 0000:1C4E       _fseek
 0000:1CCE idle  _ftell
 0000:1DAE       _memcpy
 0000:1DD2       _printf
 0000:1DED idle  __fputc
 0000:1E09 idle  _fputc
 0000:1F9E idle  _fputchar
 0000:1FB2       __FPUTN
 0000:21B5       _setvbuf
 0000:2312       _sprintf
 0000:2334 idle  _vsprintf
 0000:2355       ___write
 0000:24A6       __write
 0000:24E2       __xfflush
 0251:000A       _main
 0251:009C idle  _TaskStart
 0251:01C4 idle  _Task
 0251:02A8 idle  _printDebugMess
 0251:02DE idle  _printCtxSwMessage
 0281:000E       _OSStartHighRdy
 0281:002C       _OSCtxSw
 0281:0067       _OSIntCtxSw
 0281:0094       _OSTickISR
 028F:0004       _OSInitHookBegin
 028F:0005       _OSInitHookEnd
 028F:0006       _OSTaskCreateHook
 028F:000B       _OSTaskDelHook
 028F:0010       _OSTaskIdleHook
 028F:0011       _OSTaskStatHook
 028F:0012       _OSTaskStkInit
 028F:00F8 idle  _OSTaskStkInit_FPE_x86
 028F:01D3       _OSTaskSwHook
 028F:01D4       _OSTCBInitHook
 028F:01D9       _OSTimeTickHook
 02AC:000A idle  _PC_DispChar
 02AC:0048 idle  _PC_DispClrCol
 02AC:008E idle  _PC_DispClrRow
 02AC:00C7       _PC_DispClrScr
 02AC:00F8 idle  _PC_DispStr
 02AC:0147       _PC_DOSReturn
 02AC:015B       _PC_DOSSaveReturn
 02AC:01C9 idle  _PC_ElapsedInit
 02AC:01DD idle  _PC_ElapsedStart
 02AC:0203 idle  _PC_ElapsedStop
 02AC:0254 idle  _PC_GetDateTime
 02AC:02A7       _PC_GetKey
 02AC:02CE       _PC_SetTickRate
 02AC:031B idle  _PC_VectGet
 02AC:0352       _PC_VectSet
 02E4:0007       _OSInit
 02E4:003A idle  _OSIntEnter
 02E4:004D idle  _printTCBList
 02E4:00B2 idle  _getPrioHightRdy
 02E4:013F       _OSIntExit
 02E4:01CD idle  _OSSchedLock
 02E4:01E3 idle  _OSSchedUnlock
 02E4:0210       _OSStart
 02E4:0242 idle  _OSStatInit
 02E4:027D       _OSTimeTick
 02E4:0316 idle  _OSVersion
 02E4:031A idle  _OS_Dummy
 02E4:031B idle  _OS_EventTaskRdy
 02E4:03E5 idle  _OS_EventTaskWait
 02E4:0452 idle  _OS_EventTO
 02E4:04A6 idle  _OS_EventWaitListInit
 02E4:06A0 idle  _OS_Sched
 02E4:0716 idle  _OS_TaskIdle
 02E4:073B idle  _OS_TaskStat
 02E4:0807 idle  _OS_TCBInit
 02E4:099A idle  _OSFlagAccept
 02E4:0ACC idle  _OSFlagCreate
 02E4:0B44 idle  _OSFlagDel
 02E4:0C86 idle  _OSFlagPend
 02E4:0EE0 idle  _OSFlagPost
 02E4:1080 idle  _OSFlagQuery
 02E4:11A2 idle  _OS_FlagInit
 02E4:1261 idle  _OS_FlagUnlink
 02E4:1310 idle  _OSMboxAccept
 02E4:135B idle  _OSMboxCreate
 02E4:13D0 idle  _OSMboxDel
 02E4:14EE idle  _OSMboxPend
 02E4:15F0 idle  _OSMboxPost
 02E4:1668 idle  _OSMboxPostOpt
 02E4:170B idle  _OSMboxQuery
 02E4:1799 idle  _OSMemCreate
 02E4:18E4 idle  _OSMemGet
 02E4:1962 idle  _OSMemPut
 02E4:19D2 idle  _OSMemQuery
 02E4:1A7B idle  _OS_MemInit
 02E4:1B1F idle  _OSMutexAccept
 02E4:1BAA idle  _OSMutexCreate
 02E4:1C90 idle  _OSMutexDel
 02E4:1DEA idle  _OSMutexPend
 02E4:1FD5 idle  _OSMutexPost
 02E4:215D idle  _OSMutexQuery
 02E4:2212 idle  _OSQAccept
 02E4:22B2 idle  _OSQCreate
 02E4:23D5 idle  _OSQDel
 02E4:2552 idle  _OSQFlush
 02E4:25AA idle  _OSQPend
 02E4:26F0 idle  _OSQPost
 02E4:27B8 idle  _OSQPostFront
 02E4:287A idle  _OSQPostOpt
 02E4:29B8 idle  _OSQQuery
 02E4:2A8D idle  _OS_QInit
 02E4:2ADD idle  _OSSemAccept
 02E4:2B0F idle  _OSSemCreate
 02E4:2B83 idle  _OSSemDel
 02E4:2CA1 idle  _OSSemPend
 02E4:2D51 idle  _OSSemPost
 02E4:2DAB idle  _OSSemQuery
 02E4:2E31 idle  _OSTaskChangePrio
 02E4:2FFD       _OSTaskCreate
 02E4:30BA idle  _OSTaskCreateExt
 02E4:31AA idle  _OSTaskDel
 02E4:3389 idle  _OSTaskDelReq
 02E4:33F5 idle  _OSTaskResume
 02E4:3474 idle  _OSTaskStkChk
 02E4:3559 idle  _OSTaskSuspend
 02E4:3607 idle  _OSTaskQuery
 02E4:3675       _OSTimeDly
 02E4:36ED idle  _OSTimeDlyHMSM
 02E4:37DC idle  _OSTimeDlyResume
 02E4:3854       _OSTimeGet
 02E4:3873       _OSTimeSet
 066D:0000 idle  DATASEG@
 066D:005B idle  __Int0Vector
 066D:005F idle  __Int4Vector
 066D:0063 idle  __Int5Vector
 066D:0067 idle  __Int6Vector
 066D:006B idle  __C0argc
 066D:006D idle  __C0argv
 066D:0071 idle  __C0environ
 066D:0075 idle  __envLng
 066D:0077 idle  __envseg
 066D:0079 idle  __envSize
 066D:007B       __psp
 066D:007D idle  __osversion
 066D:007D idle  __osmajor
 066D:007D idle  __version
 066D:007E idle  __osminor
 066D:007F       _errno
 066D:0081 idle  __StartTime
 066D:0085 idle  ___brklvl
 066D:0087       __heapbase
 066D:008B       __brklvl
 066D:008F       __heaptop
 066D:0094       _CtxSwMessageTop
 066D:0096 idle  _debugMessTop
 066D:014C idle  _OSMapTbl
 066D:0154 idle  _OSUnMapTbl
 066D:0330       __atexitcnt
 066D:0332       __exitbuf
 066D:0336 idle  __exitfopen
 066D:033A idle  __exitopen
 066D:033E       __streams
 066D:04CE       __nfile
 066D:04D0       __openfd
 066D:04F8 idle  __doserrno
 066D:04FA idle  __dosErrorToSV
 066D:0554       __stklen
 066D:05BE       __wscroll
 066D:05C0       __video
 066D:05CF       _directvideo
 066D:060C       __cFlag
 066D:060D       __cChar
 066D:0614       __RealCvtVector
 066D:0616 idle  __ScanTodVector
 066D:0628 idle  _TaskData
 066D:0630 idle  _TaskPrintCtxSwStk
 066D:0A30 idle  _TaskStartStk
 066D:0E30 idle  _TaskStk
 066D:1630 idle  _debugMessage
 066D:1634 idle  _printCtxSwMbox
 066D:1638       _CtxSwMessage
 066D:8B68       _OSTickDOSCtr
 066D:8B6A idle  _PC_TickISR
 066D:8B86       _OSTime
 066D:8B8A idle  _OSQTbl
 066D:8BBA idle  _OSQFreeList
 066D:8BBE idle  _OSMemTbl
 066D:8C22 idle  _OSMemFreeList
 066D:8C26 idle  _OSTCBTbl
 066D:8F0B       _OSTCBPrioTbl
 066D:8F3F idle  _OSTCBList
 066D:8F43       _OSTCBHighRdy
 066D:8F47 idle  _OSTCBFreeList
 066D:8F4B       _OSTCBCur
 066D:8F4F idle  _OSTaskIdleStk
 066D:934F idle  _OSIdleCtr
 066D:9353 idle  _OSTaskCtr
 066D:9354       _OSRunning
 066D:9355 idle  _OSRdyTbl
 066D:9357 idle  _OSRdyGrp
 066D:9358       _OSPrioHighRdy
 066D:9359       _OSPrioCur
 066D:935A idle  _OSLockNesting
 066D:935B idle  _OSIntExitY
 066D:935C       _OSIntNesting
 066D:935D idle  _OSTaskStatStk
 066D:975D idle  _OSStatRdy
 066D:975E idle  _OSIdleCtrRun
 066D:9762 idle  _OSIdleCtrMax
 066D:9766 idle  _OSCPUUsage
 066D:9767 idle  _OSFlagFreeList
 066D:976B idle  _OSFlagTbl
 066D:978E idle  _OSEventTbl
 066D:97A2 idle  _OSEventFreeList
 066D:97A6       _OSCtxSwCtr
 066D:97AA       __atexittbl

Program entry point at 0000:0000

