
 Start  Stop   Length Name               Class

 00000H 02CDBH 02CDCH _TEXT              CODE
 02CDCH 031E4H 00509H TEST_TEXT          CODE
 031E6H 032BBH 000D6H OS_CPU_A_TEXT      CODE
 032BCH 03491H 001D6H OS_CPU_C_TEXT      CODE
 03492H 0380EH 0037DH PC_TEXT            CODE
 0380FH 07017H 03809H UCOS_II_TEXT       CODE
 07020H 09796H 02777H EMU_PROG           CODE
 097A0H 09D67H 005C8H E87_PROG           CODE
 09D70H 09D70H 00000H _FARDATA           FAR_DATA
 09D70H 09D70H 00000H _FARBSS            FAR_BSS
 09D70H 09D70H 00000H _OVERLAY_          OVRINFO
 09D70H 09D70H 00000H _1STUB_            STUBSEG
 09D70H 0A605H 00896H _DATA              DATA
 0A606H 0A609H 00004H _CVTSEG            DATA
 0A60AH 0A60FH 00006H _SCNSEG            DATA
 0A610H 0A610H 00000H _CONST             CONST
 0A610H 0A621H 00012H _INIT_             INITDATA
 0A622H 0A622H 00000H _INITEND_          INITDATA
 0A622H 0A627H 00006H _EXIT_             EXITDATA
 0A628H 0A628H 00000H _EXITEND_          EXITDATA
 0A628H 0FDADH 05786H _BSS               BSS
 0FDAEH 0FDAEH 00000H _BSSEND            BSSEND
 0FDB0H 0FEBFH 00110H _STACK             STACK


Detailed map of segments

 0000:0000 0295 C=CODE   S=_TEXT          G=(none)  M=c0.ASM     ACBP=28
 0000:0295 0258 C=CODE   S=_TEXT          G=(none)  M=FPINIT     ACBP=28
 0000:04ED 0000 C=CODE   S=_TEXT          G=(none)  M=E87TRAP    ACBP=28
 0000:04ED 0000 C=CODE   S=_TEXT          G=(none)  M=PROTFLAG   ACBP=28
 0000:04ED 0000 C=CODE   S=_TEXT          G=(none)  M=DEFLT87    ACBP=28
 0000:04ED 01BD C=CODE   S=_TEXT          G=(none)  M=REALCVT    ACBP=28
 0000:06AA 020C C=CODE   S=_TEXT          G=(none)  M=XCVT       ACBP=28
 0000:08B6 00B1 C=CODE   S=_TEXT          G=(none)  M=FPERR      ACBP=28
 0000:0967 00C9 C=CODE   S=_TEXT          G=(none)  M=_POW10     ACBP=28
 0000:0A30 000B C=CODE   S=_TEXT          G=(none)  M=POW10D     ACBP=28
 0000:0A3B 002D C=CODE   S=_TEXT          G=(none)  M=ATEXIT     ACBP=28
 0000:0A68 0093 C=CODE   S=_TEXT          G=(none)  M=EXIT       ACBP=28
 0000:0AFB 0000 C=CODE   S=_TEXT          G=(none)  M=FILES      ACBP=28
 0000:0AFB 0000 C=CODE   S=_TEXT          G=(none)  M=FILES2     ACBP=28
 0000:0AFB 0000 C=CODE   S=_TEXT          G=(none)  M=FPSTKLEN   ACBP=28
 0000:0AFB 0017 C=CODE   S=_TEXT          G=(none)  M=F_LXMUL    ACBP=28
 0000:0B12 0026 C=CODE   S=_TEXT          G=(none)  M=GETDATE    ACBP=28
 0000:0B38 00AE C=CODE   S=_TEXT          G=(none)  M=H_LDIV     ACBP=28
 0000:0BE6 0021 C=CODE   S=_TEXT          G=(none)  M=H_LLSH     ACBP=28
 0000:0C07 0021 C=CODE   S=_TEXT          G=(none)  M=H_LURSH    ACBP=28
 0000:0C28 0060 C=CODE   S=_TEXT          G=(none)  M=H_PADD     ACBP=28
 0000:0C88 004B C=CODE   S=_TEXT          G=(none)  M=IOERROR    ACBP=28
 0000:0CD3 0011 C=CODE   S=_TEXT          G=(none)  M=ISATTY     ACBP=28
 0000:0CE4 00A2 C=CODE   S=_TEXT          G=(none)  M=LONGTOA    ACBP=28
 0000:0D86 0029 C=CODE   S=_TEXT          G=(none)  M=LSEEK      ACBP=28
 0000:0DAF 0021 C=CODE   S=_TEXT          G=(none)  M=N_PCMP     ACBP=28
 0000:0DD0 00BA C=CODE   S=_TEXT          G=(none)  M=SETUPIO    ACBP=28
 0000:0E8A 0000 C=CODE   S=_TEXT          G=(none)  M=SIGDATA    ACBP=28
 0000:0E8A 0000 C=CODE   S=_TEXT          G=(none)  M=STKLEN     ACBP=28
 0000:0E8A 04DB C=CODE   S=_TEXT          G=(none)  M=VPRINTER   ACBP=28
 0000:1365 009F C=CODE   S=_TEXT          G=(none)  M=VRAM       ACBP=28
 0000:1404 0000 C=CODE   S=_TEXT          G=(none)  M=WSCROLL    ACBP=28
 0000:1404 014E C=CODE   S=_TEXT          G=(none)  M=CPRINTF    ACBP=28
 0000:1552 01A5 C=CODE   S=_TEXT          G=(none)  M=CRTINIT    ACBP=28
 0000:16F7 001F C=CODE   S=_TEXT          G=(none)  M=CVTFAK     ACBP=28
 0000:1716 0432 C=CODE   S=_TEXT          G=(none)  M=FARHEAP    ACBP=28
 0000:1B48 0140 C=CODE   S=_TEXT          G=(none)  M=FBRK       ACBP=28
 0000:1C88 005E C=CODE   S=_TEXT          G=(none)  M=GETCH      ACBP=28
 0000:1CE6 00AC C=CODE   S=_TEXT          G=(none)  M=GPTEXT     ACBP=28
 0000:1D92 0012 C=CODE   S=_TEXT          G=(none)  M=KBHIT      ACBP=28
 0000:1DA4 009D C=CODE   S=_TEXT          G=(none)  M=MOVETEXT   ACBP=28
 0000:1E41 0017 C=CODE   S=_TEXT          G=(none)  M=PUTCH      ACBP=28
 0000:1E58 0004 C=CODE   S=_TEXT          G=(none)  M=REALCVT    ACBP=28
 0000:1E5C 01C7 C=CODE   S=_TEXT          G=(none)  M=SCREEN     ACBP=28
 0000:2023 018E C=CODE   S=_TEXT          G=(none)  M=SCROLL     ACBP=28
 0000:21B1 001C C=CODE   S=_TEXT          G=(none)  M=SETBLOCK   ACBP=28
 0000:21CD 006A C=CODE   S=_TEXT          G=(none)  M=SETJMP     ACBP=28
 0000:2237 002C C=CODE   S=_TEXT          G=(none)  M=WHEREXY    ACBP=28
 0000:2263 00CD C=CODE   S=_TEXT          G=(none)  M=FFLUSH     ACBP=28
 0000:2330 0042 C=CODE   S=_TEXT          G=(none)  M=FLUSHALL   ACBP=28
 0000:2372 001C C=CODE   S=_TEXT          G=(none)  M=FPRINTF    ACBP=28
 0000:238E 01E2 C=CODE   S=_TEXT          G=(none)  M=FSEEK      ACBP=28
 0000:2570 0024 C=CODE   S=_TEXT          G=(none)  M=MEMCPY     ACBP=28
 0000:2594 001B C=CODE   S=_TEXT          G=(none)  M=PRINTF     ACBP=28
 0000:25AF 03C8 C=CODE   S=_TEXT          G=(none)  M=PUTC       ACBP=28
 0000:2977 011D C=CODE   S=_TEXT          G=(none)  M=SETVBUF    ACBP=28
 0000:2A94 0083 C=CODE   S=_TEXT          G=(none)  M=SPRINTF    ACBP=28
 0000:2B17 0151 C=CODE   S=_TEXT          G=(none)  M=WRITE      ACBP=28
 0000:2C68 003C C=CODE   S=_TEXT          G=(none)  M=WRITEA     ACBP=28
 0000:2CA4 0038 C=CODE   S=_TEXT          G=(none)  M=XFFLUSH    ACBP=28
 02CD:000C 0509 C=CODE   S=TEST_TEXT      G=(none)  M=test.c     ACBP=28
 031E:0006 00D6 C=CODE   S=OS_CPU_A_TEXT  G=(none)  M=\SOFTWARE\uCOS-II\Ix86L\BC45\OS_CPU_A.ASM ACBP=48
 032B:000C 01D6 C=CODE   S=OS_CPU_C_TEXT  G=(none)  M=os_cpu_c.c ACBP=28
 0349:0002 037D C=CODE   S=PC_TEXT        G=(none)  M=pc.c       ACBP=28
 0380:000F 3809 C=CODE   S=UCOS_II_TEXT   G=(none)  M=ucos_ii.c  ACBP=28
 0702:0000 0000 C=CODE   S=EMU_PROG       G=(none)  M=FPINIT     ACBP=68
 0702:0000 2777 C=CODE   S=EMU_PROG       G=(none)  M=EMU086     ACBP=68
 097A:0000 0000 C=CODE   S=E87_PROG       G=(none)  M=FPINIT     ACBP=68
 097A:0000 03E3 C=CODE   S=E87_PROG       G=(none)  M=EMU087     ACBP=68
 097A:03F0 01D8 C=CODE   S=E87_PROG       G=(none)  M=E87TRAP    ACBP=68
 09D7:0000 0000 C=FAR_DATA S=_FARDATA       G=(none)  M=c0.ASM     ACBP=68
 09D7:0000 0000 C=FAR_BSS S=_FARBSS        G=(none)  M=c0.ASM     ACBP=68
 09D7:0000 0000 C=OVRINFO S=_OVERLAY_      G=(none)  M=c0.ASM     ACBP=68
 09D7:0000 0000 C=STUBSEG S=_1STUB_        G=(none)  M=c0.ASM     ACBP=68
 09D7:0000 0093 C=DATA   S=_DATA          G=DGROUP  M=c0.ASM     ACBP=68
 09D7:0094 0294 C=DATA   S=_DATA          G=DGROUP  M=test.c     ACBP=48
 09D7:0328 0000 C=DATA   S=_DATA          G=DGROUP  M=\SOFTWARE\uCOS-II\Ix86L\BC45\OS_CPU_A.ASM ACBP=48
 09D7:0328 0000 C=DATA   S=_DATA          G=DGROUP  M=os_cpu_c.c ACBP=48
 09D7:0328 001F C=DATA   S=_DATA          G=DGROUP  M=pc.c       ACBP=48
 09D7:0348 0133 C=DATA   S=_DATA          G=DGROUP  M=ucos_ii.c  ACBP=48
 09D7:0480 0002 C=DATA   S=_DATA          G=DGROUP  M=FPINIT     ACBP=68
 09D7:0490 0000 C=DATA   S=_DATA          G=DGROUP  M=E87TRAP    ACBP=68
 09D7:0490 0003 C=DATA   S=_DATA          G=DGROUP  M=PROTFLAG   ACBP=48
 09D7:0494 0002 C=DATA   S=_DATA          G=DGROUP  M=DEFLT87    ACBP=48
 09D7:0496 0000 C=DATA   S=_DATA          G=DGROUP  M=REALCVT    ACBP=48
 09D7:0496 0000 C=DATA   S=_DATA          G=DGROUP  M=XCVT       ACBP=48
 09D7:0496 009A C=DATA   S=_DATA          G=DGROUP  M=FPERR      ACBP=48
 09D7:0530 0080 C=DATA   S=_DATA          G=DGROUP  M=_POW10     ACBP=48
 09D7:05B0 0000 C=DATA   S=_DATA          G=DGROUP  M=POW10D     ACBP=48
 09D7:05B0 0002 C=DATA   S=_DATA          G=DGROUP  M=ATEXIT     ACBP=48
 09D7:05B2 000C C=DATA   S=_DATA          G=DGROUP  M=EXIT       ACBP=48
 09D7:05BE 0190 C=DATA   S=_DATA          G=DGROUP  M=FILES      ACBP=48
 09D7:074E 002A C=DATA   S=_DATA          G=DGROUP  M=FILES2     ACBP=48
 09D7:0778 0002 C=DATA   S=_DATA          G=DGROUP  M=FPSTKLEN   ACBP=48
 09D7:077A 0000 C=DATA   S=_DATA          G=DGROUP  M=F_LXMUL    ACBP=48
 09D7:077A 0000 C=DATA   S=_DATA          G=DGROUP  M=GETDATE    ACBP=48
 09D7:077A 0000 C=DATA   S=_DATA          G=DGROUP  M=H_LDIV     ACBP=48
 09D7:077A 0000 C=DATA   S=_DATA          G=DGROUP  M=H_LLSH     ACBP=48
 09D7:077A 0000 C=DATA   S=_DATA          G=DGROUP  M=H_LURSH    ACBP=48
 09D7:077A 0000 C=DATA   S=_DATA          G=DGROUP  M=H_PADD     ACBP=48
 09D7:077A 005B C=DATA   S=_DATA          G=DGROUP  M=IOERROR    ACBP=48
 09D7:07D6 0000 C=DATA   S=_DATA          G=DGROUP  M=ISATTY     ACBP=48
 09D7:07D6 0000 C=DATA   S=_DATA          G=DGROUP  M=LONGTOA    ACBP=48
 09D7:07D6 0000 C=DATA   S=_DATA          G=DGROUP  M=LSEEK      ACBP=48
 09D7:07D6 0000 C=DATA   S=_DATA          G=DGROUP  M=N_PCMP     ACBP=48
 09D7:07D6 0000 C=DATA   S=_DATA          G=DGROUP  M=SETUPIO    ACBP=48
 09D7:07D6 0000 C=DATA   S=_DATA          G=DGROUP  M=SIGDATA    ACBP=48
 09D7:07D6 0002 C=DATA   S=_DATA          G=DGROUP  M=STKLEN     ACBP=48
 09D7:07D8 0067 C=DATA   S=_DATA          G=DGROUP  M=VPRINTER   ACBP=48
 09D7:0840 0000 C=DATA   S=_DATA          G=DGROUP  M=VRAM       ACBP=48
 09D7:0840 0002 C=DATA   S=_DATA          G=DGROUP  M=WSCROLL    ACBP=48
 09D7:0842 0000 C=DATA   S=_DATA          G=DGROUP  M=CPRINTF    ACBP=48
 09D7:0842 0018 C=DATA   S=_DATA          G=DGROUP  M=CRTINIT    ACBP=48
 09D7:085A 0031 C=DATA   S=_DATA          G=DGROUP  M=CVTFAK     ACBP=48
 09D7:088C 0000 C=DATA   S=_DATA          G=DGROUP  M=FARHEAP    ACBP=48
 09D7:088C 0002 C=DATA   S=_DATA          G=DGROUP  M=FBRK       ACBP=48
 09D7:088E 0000 C=DATA   S=_DATA          G=DGROUP  M=GETCH      ACBP=48
 09D7:088E 0000 C=DATA   S=_DATA          G=DGROUP  M=GPTEXT     ACBP=48
 09D7:088E 0002 C=DATA   S=_DATA          G=DGROUP  M=KBHIT      ACBP=48
 09D7:0890 0000 C=DATA   S=_DATA          G=DGROUP  M=MOVETEXT   ACBP=48
 09D7:0890 0000 C=DATA   S=_DATA          G=DGROUP  M=PUTCH      ACBP=48
 09D7:0890 0000 C=DATA   S=_DATA          G=DGROUP  M=REALCVT    ACBP=48
 09D7:0890 0000 C=DATA   S=_DATA          G=DGROUP  M=SCREEN     ACBP=48
 09D7:0890 0000 C=DATA   S=_DATA          G=DGROUP  M=SCROLL     ACBP=48
 09D7:0890 0000 C=DATA   S=_DATA          G=DGROUP  M=SETBLOCK   ACBP=48
 09D7:0890 0000 C=DATA   S=_DATA          G=DGROUP  M=SETJMP     ACBP=48
 09D7:0890 0000 C=DATA   S=_DATA          G=DGROUP  M=WHEREXY    ACBP=48
 09D7:0890 0000 C=DATA   S=_DATA          G=DGROUP  M=FFLUSH     ACBP=48
 09D7:0890 0000 C=DATA   S=_DATA          G=DGROUP  M=FLUSHALL   ACBP=48
 09D7:0890 0000 C=DATA   S=_DATA          G=DGROUP  M=FPRINTF    ACBP=48
 09D7:0890 0000 C=DATA   S=_DATA          G=DGROUP  M=FSEEK      ACBP=48
 09D7:0890 0000 C=DATA   S=_DATA          G=DGROUP  M=MEMCPY     ACBP=48
 09D7:0890 0000 C=DATA   S=_DATA          G=DGROUP  M=PRINTF     ACBP=48
 09D7:0890 0001 C=DATA   S=_DATA          G=DGROUP  M=PUTC       ACBP=48
 09D7:0892 0004 C=DATA   S=_DATA          G=DGROUP  M=SETVBUF    ACBP=48
 09D7:0896 0000 C=DATA   S=_DATA          G=DGROUP  M=SPRINTF    ACBP=48
 09D7:0896 0000 C=DATA   S=_DATA          G=DGROUP  M=WRITE      ACBP=48
 09D7:0896 0000 C=DATA   S=_DATA          G=DGROUP  M=WRITEA     ACBP=48
 09D7:0896 0000 C=DATA   S=_DATA          G=DGROUP  M=XFFLUSH    ACBP=48
 09D7:0896 0000 C=DATA   S=_CVTSEG        G=DGROUP  M=c0.ASM     ACBP=48
 09D7:0896 0002 C=DATA   S=_CVTSEG        G=DGROUP  M=REALCVT    ACBP=48
 09D7:0898 0002 C=DATA   S=_CVTSEG        G=DGROUP  M=CVTFAK     ACBP=48
 09D7:089A 0000 C=DATA   S=_CVTSEG        G=DGROUP  M=REALCVT    ACBP=48
 09D7:089A 0000 C=DATA   S=_SCNSEG        G=DGROUP  M=c0.ASM     ACBP=48
 09D7:089A 0006 C=DATA   S=_SCNSEG        G=DGROUP  M=CVTFAK     ACBP=48
 09D7:08A0 0000 C=CONST  S=_CONST         G=DGROUP  M=c0.ASM     ACBP=48
 09D7:08A0 0000 C=INITDATA S=_INIT_         G=DGROUP  M=c0.ASM     ACBP=48
 09D7:08A0 0006 C=INITDATA S=_INIT_         G=DGROUP  M=FPINIT     ACBP=48
 09D7:08A6 0006 C=INITDATA S=_INIT_         G=DGROUP  M=SETUPIO    ACBP=48
 09D7:08AC 0006 C=INITDATA S=_INIT_         G=DGROUP  M=CRTINIT    ACBP=48
 09D7:08B2 0000 C=INITDATA S=_INITEND_      G=DGROUP  M=c0.ASM     ACBP=28
 09D7:08B2 0000 C=EXITDATA S=_EXIT_         G=DGROUP  M=c0.ASM     ACBP=48
 09D7:08B2 0006 C=EXITDATA S=_EXIT_         G=DGROUP  M=FPINIT     ACBP=48
 09D7:08B8 0000 C=EXITDATA S=_EXITEND_      G=DGROUP  M=c0.ASM     ACBP=28
 09D7:08B8 0000 C=BSS    S=_BSS           G=DGROUP  M=c0.ASM     ACBP=48
 09D7:08B8 4AA4 C=BSS    S=_BSS           G=DGROUP  M=test.c     ACBP=48
 09D7:535C 0001 C=BSS    S=_BSS           G=DGROUP  M=os_cpu_c.c ACBP=48
 09D7:535E 001B C=BSS    S=_BSS           G=DGROUP  M=pc.c       ACBP=48
 09D7:537A 0C3E C=BSS    S=_BSS           G=DGROUP  M=ucos_ii.c  ACBP=48
 09D7:5FB8 0000 C=BSS    S=_BSS           G=DGROUP  M=REALCVT    ACBP=48
 09D7:5FB8 0000 C=BSS    S=_BSS           G=DGROUP  M=XCVT       ACBP=48
 09D7:5FB8 0000 C=BSS    S=_BSS           G=DGROUP  M=_POW10     ACBP=48
 09D7:5FB8 0080 C=BSS    S=_BSS           G=DGROUP  M=ATEXIT     ACBP=48
 09D7:6038 0000 C=BSS    S=_BSS           G=DGROUP  M=IOERROR    ACBP=48
 09D7:6038 0000 C=BSS    S=_BSS           G=DGROUP  M=ISATTY     ACBP=48
 09D7:6038 0000 C=BSS    S=_BSS           G=DGROUP  M=LONGTOA    ACBP=48
 09D7:6038 0000 C=BSS    S=_BSS           G=DGROUP  M=LSEEK      ACBP=48
 09D7:6038 0000 C=BSS    S=_BSS           G=DGROUP  M=SETUPIO    ACBP=48
 09D7:6038 0004 C=BSS    S=_BSS           G=DGROUP  M=SIGDATA    ACBP=48
 09D7:603C 0000 C=BSS    S=_BSS           G=DGROUP  M=VPRINTER   ACBP=48
 09D7:603C 0000 C=BSS    S=_BSS           G=DGROUP  M=VRAM       ACBP=48
 09D7:603C 0000 C=BSS    S=_BSS           G=DGROUP  M=CRTINIT    ACBP=48
 09D7:603C 0000 C=BSS    S=_BSS           G=DGROUP  M=GETCH      ACBP=48
 09D7:603C 0000 C=BSS    S=_BSS           G=DGROUP  M=KBHIT      ACBP=48
 09D7:603C 0000 C=BSS    S=_BSS           G=DGROUP  M=SETBLOCK   ACBP=48
 09D7:603C 0000 C=BSS    S=_BSS           G=DGROUP  M=SETJMP     ACBP=48
 09D7:603C 0000 C=BSS    S=_BSS           G=DGROUP  M=MEMCPY     ACBP=48
 09D7:603C 0001 C=BSS    S=_BSS           G=DGROUP  M=PUTC       ACBP=48
 09D7:603E 0000 C=BSS    S=_BSS           G=DGROUP  M=WRITEA     ACBP=48
 09D7:603E 0000 C=BSSEND S=_BSSEND        G=DGROUP  M=c0.ASM     ACBP=28
 0FDB:0000 0110 C=STACK  S=_STACK         G=(none)  M=c0.ASM     ACBP=74
 0FDB:0000 0080 C=STACK  S=_STACK         G=(none)  M=EMUVARS    ACBP=78

  Address         Publics by Name

 09D7:0000 idle  DATASEG@
 0000:0291 idle  DGROUP@
 0702:2152       e086_Entry
 0702:26E0       e086_Shortcut
 097A:0306       e087_Entry
 097A:03C6       e087_Shortcut
 097A:0430       e087_Trap
 0000:FE32 idle  FIARQQ
 0000:0E32 idle  FICRQQ
 0000:5C32  Abs  FIDRQQ
 0000:1632  Abs  FIERQQ
 0000:0632 idle  FISRQQ
 0000:A23D  Abs  FIWRQQ
 0000:4000 idle  FJARQQ
 0000:C000 idle  FJCRQQ
 0000:8000 idle  FJSRQQ
 0000:0B3B idle  F_LDIV@
 0000:0B4A idle  F_LMOD@
 0000:0B42       F_LUDIV@
 0000:0B52 idle  F_LUMOD@
 0000:0BE9       F_LXLSH@
 0000:0AFB       F_LXMUL@
 0000:0C0A       F_LXURSH@
 0000:0C2B idle  F_PADD@
 0000:0C5A idle  F_PSUB@
 0000:0B3B idle  LDIV@
 0000:0B4A idle  LMOD@
 0000:0B42 idle  LUDIV@
 0000:0B52 idle  LUMOD@
 0000:0BE9 idle  LXLSH@
 0000:0AFB idle  LXMUL@
 0000:0C0A idle  LXURSH@
 0000:0B38 idle  N_LDIV@
 0000:0B47 idle  N_LMOD@
 0000:0B3F idle  N_LUDIV@
 0000:0B4F idle  N_LUMOD@
 0000:0BE6       N_LXLSH@
 0000:0C07 idle  N_LXURSH@
 0000:0C28       N_PADD@
 0000:0DAF       N_PCMP@
 0000:0C57 idle  N_PSUB@
 0000:0C2B idle  PADD@
 0000:0C5A idle  PSUB@
 0000:027A       _abort
 0000:0A3B idle  _atexit
 0000:1536 idle  _cprintf
 09D7:18C4       _CtxSwMessage
 09D7:0094       _CtxSwMessageTop
 09D7:0851       _directvideo
 09D7:007F       _errno
 0000:0AC0       _exit
 0000:1856 idle  _farfree
 0000:196A idle  _farmalloc
 0000:1ACE idle  _farrealloc
 0000:2263       _fflush
 0000:2330       _flushall
 0000:2372       _fprintf
 0000:25CB idle  _fputc
 0000:2760 idle  _fputchar
 0000:1856       _free
 0000:2410       _fseek
 0000:2490 idle  _ftell
 0000:1C88       _getch
 0000:1CA4 idle  _getche
 0000:0B12       _getdate
 0000:1CE6       _gettext
 0000:0B25       _gettime
 0000:0CD3       _isatty
 0000:1D92       _kbhit
 0000:2203       _longjmp
 0000:0D86       _lseek
 02CD:000C       _main
 0000:1960       _malloc
 0000:2570       _memcpy
 0000:1DA4       _movetext
 09D7:5F74       _OSCPUUsage
 031E:0024       _OSCtxSw
 09D7:5FB4       _OSCtxSwCtr
 09D7:5FB0 idle  _OSEventFreeList
 09D7:5F9C idle  _OSEventTbl
 0380:095B idle  _OSFlagAccept
 0380:0A8D idle  _OSFlagCreate
 0380:0B05 idle  _OSFlagDel
 09D7:5F75 idle  _OSFlagFreeList
 0380:0C47 idle  _OSFlagPend
 0380:0EA1 idle  _OSFlagPost
 0380:1041 idle  _OSFlagQuery
 09D7:5F79 idle  _OSFlagTbl
 09D7:5B5D idle  _OSIdleCtr
 09D7:5F70 idle  _OSIdleCtrMax
 09D7:5F6C idle  _OSIdleCtrRun
 0380:000F       _OSInit
 032B:000C       _OSInitHookBegin
 032B:000D       _OSInitHookEnd
 031E:005F       _OSIntCtxSw
 0380:0047 idle  _OSIntEnter
 0380:005A       _OSIntExit
 09D7:5B69 idle  _OSIntExitY
 09D7:5B6A       _OSIntNesting
 09D7:5B68 idle  _OSLockNesting
 09D7:0348 idle  _OSMapTbl
 0380:12D1 idle  _OSMboxAccept
 0380:131C       _OSMboxCreate
 0380:1391 idle  _OSMboxDel
 0380:14AF idle  _OSMboxPend
 0380:15B1 idle  _OSMboxPost
 0380:1629 idle  _OSMboxPostOpt
 0380:16CC idle  _OSMboxQuery
 0380:175A idle  _OSMemCreate
 09D7:5416 idle  _OSMemFreeList
 0380:18A5 idle  _OSMemGet
 0380:1923 idle  _OSMemPut
 0380:1993 idle  _OSMemQuery
 09D7:53B2 idle  _OSMemTbl
 0380:1AE0 idle  _OSMutexAccept
 0380:1B6B idle  _OSMutexCreate
 0380:1C51 idle  _OSMutexDel
 0380:1DAB idle  _OSMutexPend
 0380:1F96 idle  _OSMutexPost
 0380:211E idle  _OSMutexQuery
 09D7:5B67       _OSPrioCur
 09D7:5B66       _OSPrioHighRdy
 0380:21D3 idle  _OSQAccept
 0380:2273 idle  _OSQCreate
 0380:2396 idle  _OSQDel
 0380:2513 idle  _OSQFlush
 09D7:53AE idle  _OSQFreeList
 0380:256B idle  _OSQPend
 0380:26B1 idle  _OSQPost
 0380:2779 idle  _OSQPostFront
 0380:283B idle  _OSQPostOpt
 0380:2979 idle  _OSQQuery
 09D7:537E idle  _OSQTbl
 09D7:5B65 idle  _OSRdyGrp
 09D7:5B63 idle  _OSRdyTbl
 09D7:5B62       _OSRunning
 0380:0121 idle  _OSSchedLock
 0380:0137 idle  _OSSchedUnlock
 0380:2A9E idle  _OSSemAccept
 0380:2AD0 idle  _OSSemCreate
 0380:2B44 idle  _OSSemDel
 0380:2C62 idle  _OSSemPend
 0380:2D12 idle  _OSSemPost
 0380:2D6C idle  _OSSemQuery
 0380:0164       _OSStart
 031E:0006       _OSStartHighRdy
 0380:01C3       _OSStatInit
 09D7:5F6B idle  _OSStatRdy
 0380:2DF2 idle  _OSTaskChangePrio
 0380:2FBE       _OSTaskCreate
 0380:307B idle  _OSTaskCreateExt
 032B:000E       _OSTaskCreateHook
 09D7:5B61       _OSTaskCtr
 0380:316B idle  _OSTaskDel
 032B:0013       _OSTaskDelHook
 0380:334A idle  _OSTaskDelReq
 032B:0018       _OSTaskIdleHook
 09D7:575D idle  _OSTaskIdleStk
 0380:35C8 idle  _OSTaskQuery
 0380:33B6 idle  _OSTaskResume
 032B:0019       _OSTaskStatHook
 09D7:5B6B idle  _OSTaskStatStk
 0380:3435 idle  _OSTaskStkChk
 032B:001A       _OSTaskStkInit
 032B:0100 idle  _OSTaskStkInit_FPE_x86
 0380:351A idle  _OSTaskSuspend
 032B:01DB       _OSTaskSwHook
 09D7:5759       _OSTCBCur
 09D7:5755 idle  _OSTCBFreeList
 09D7:5751       _OSTCBHighRdy
 032B:01DC       _OSTCBInitHook
 09D7:574D idle  _OSTCBList
 09D7:5719 idle  _OSTCBPrioTbl
 09D7:541A idle  _OSTCBTbl
 09D7:535C       _OSTickDOSCtr
 031E:008C       _OSTickISR
 09D7:537A idle  _OSTime
 0380:3636       _OSTimeDly
 0380:367D       _OSTimeDlyHMSM
 0380:376C idle  _OSTimeDlyResume
 0380:37E4       _OSTimeGet
 0380:3803 idle  _OSTimeSet
 0380:01FE       _OSTimeTick
 032B:01E1       _OSTimeTickHook
 09D7:0350 idle  _OSUnMapTbl
 0380:029D       _OSVersion
 0380:02A1 idle  _OS_Dummy
 0380:02A2 idle  _OS_EventTaskRdy
 0380:036C idle  _OS_EventTaskWait
 0380:03D9 idle  _OS_EventTO
 0380:042D idle  _OS_EventWaitListInit
 0380:1163 idle  _OS_FlagInit
 0380:1222 idle  _OS_FlagUnlink
 0380:1A3C idle  _OS_MemInit
 0380:2A4E idle  _OS_QInit
 0380:0627 idle  _OS_Sched
 0380:06D7 idle  _OS_TaskIdle
 0380:06FC idle  _OS_TaskStat
 0380:07C8 idle  _OS_TCBInit
 0349:0002 idle  _PC_DispChar
 0349:0040 idle  _PC_DispClrCol
 0349:0086 idle  _PC_DispClrRow
 0349:00BF       _PC_DispClrScr
 0349:00F0       _PC_DispStr
 0349:013F       _PC_DOSReturn
 0349:0153       _PC_DOSSaveReturn
 0349:01C1 idle  _PC_ElapsedInit
 0349:01D5 idle  _PC_ElapsedStart
 0349:01FB idle  _PC_ElapsedStop
 0349:024C idle  _PC_GetDateTime
 0349:029F       _PC_GetKey
 0349:02C6       _PC_SetTickRate
 09D7:535E idle  _PC_TickISR
 0349:0313 idle  _PC_VectGet
 0349:034A       _PC_VectSet
 0000:0A30       _pow10
 09D7:18C0 idle  _printCtxSwMbox
 02CD:04E5 idle  _printCtxSwMessage
 0000:2594       _printf
 0000:1E41       _putch
 0000:1D3C       _puttext
 0000:1AC7 idle  _realloc
 0000:21B1       _setblock
 0000:21CD       _setjmp
 0000:2977       _setvbuf
 0000:2AD4       _sprintf
 02CD:0449 idle  _Task
 09D7:08B8 idle  _TaskData
 09D7:08C0 idle  _TaskPrintCtxSwStk
 02CD:004F idle  _TaskStart
 09D7:0CC0 idle  _TaskStartStk
 09D7:10C0 idle  _TaskStk
 0000:1CC8 idle  _ungetch
 0000:2AF6 idle  _vsprintf
 0000:2241 idle  _wherex
 0000:2250 idle  _wherey
 09D7:0480       __8087
 0000:1000 idle  __AHINCR
 0000:000C idle  __AHSHIFT
 09D7:05B0       __atexitcnt
 09D7:5FB8       __atexittbl
 0000:1BBE       __brk
 09D7:008B       __brklvl
 09D7:006B idle  __C0argc
 09D7:006D idle  __C0argv
 0000:1618 idle  __c0crtinit
 09D7:0071 idle  __C0environ
 09D7:088F       __cChar
 0000:0AE1 idle  __cexit
 09D7:088E       __cFlag
 0000:016A       __checknull
 0000:0157       __cleanup
 0000:1404       __CPUTN
 0000:1635 idle  __crtinit
 0000:0000  Abs  __cvtfak
 0000:0AEF idle  __c_exit
 09D7:0494       __default87
 09D7:077A idle  __doserrno
 0000:0CC1 idle  __DOSERROR
 09D7:077C idle  __dosErrorToSV
 0FDB:0000       __emu
 09D7:0075 idle  __envLng
 09D7:0077 idle  __envseg
 09D7:0079 idle  __envSize
 0000:0ACF       __exit
 09D7:05B2       __exitbuf
 09D7:05B6 idle  __exitfopen
 09D7:05BA idle  __exitopen
 0000:08B6       __fperror
 09D7:0778       __fpstklen
 0000:04E9       __fpuint
 0000:25AF idle  __fputc
 0000:2774       __FPUTN
 09D7:0087       __heapbase
 09D7:008F       __heaptop
 09D7:005B idle  __Int0Vector
 09D7:005F idle  __Int4Vector
 09D7:0063 idle  __Int5Vector
 09D7:0067 idle  __Int6Vector
 0000:0C88       __IOERROR
 09D7:0491       __LDT
 0000:0CE4       __LONGTOA
 0000:0293 idle  __MMODEL
 09D7:074E       __nfile
 0000:1CA1 idle  __Ngetche
 0000:1CC5 idle  __Nungetch
 09D7:0750       __openfd
 09D7:007D idle  __osmajor
 09D7:007E idle  __osminor
 09D7:007D idle  __osversion
 0000:0967       __POW10
 09D7:0490       __protected
 09D7:007B       __psp
 0000:1E58       __REALCVT
 09D7:0896       __RealCvtVector
 0000:01C0       __restorezero
 0000:1BFD       __sbrk
 09D7:089A idle  __ScanTodVector
 0000:1F92       __SCREENIO
 0000:2045       __SCROLL
 0000:0DD0       __setupio
 09D7:0081 idle  __StartTime
 09D7:07D6       __stklen
 09D7:05BE       __streams
 0000:016B       __terminate
 0000:0000 idle  __turboCrt
 0000:0000  Abs  __turboCvt
 0000:0D66 idle  __UTOA
 0000:1FCE       __VALIDATEXY
 09D7:007D       __version
 09D7:0842       __video
 0000:158D       __VideoInt
 0000:0EA2       __VPRINTER
 0000:1365       __VPTR
 0000:138A       __VRAM
 0000:2237       __wherexy
 0000:2C68       __write
 09D7:0840       __wscroll
 0000:06AA       __XCVT
 0000:2CA4       __xfflush
 09D7:0085 idle  ___brklvl
 0000:1716 idle  ___first
 0000:0402 idle  ___fpreset
 0000:1718 idle  ___last
 0000:171A idle  ___rover
 09D7:6038       ___SignalPtr
 0000:2B17       ___write

  Address         Publics by Value

 0000:0000  Abs  __turboCvt
 0000:0000 idle  __turboCrt
 0000:0000  Abs  __cvtfak
 0000:000C idle  __AHSHIFT
 0000:0157       __cleanup
 0000:016A       __checknull
 0000:016B       __terminate
 0000:01C0       __restorezero
 0000:027A       _abort
 0000:0291 idle  DGROUP@
 0000:0293 idle  __MMODEL
 0000:0402 idle  ___fpreset
 0000:04E9       __fpuint
 0000:0632 idle  FISRQQ
 0000:06AA       __XCVT
 0000:08B6       __fperror
 0000:0967       __POW10
 0000:0A30       _pow10
 0000:0A3B idle  _atexit
 0000:0AC0       _exit
 0000:0ACF       __exit
 0000:0AE1 idle  __cexit
 0000:0AEF idle  __c_exit
 0000:0AFB       F_LXMUL@
 0000:0AFB idle  LXMUL@
 0000:0B12       _getdate
 0000:0B25       _gettime
 0000:0B38 idle  N_LDIV@
 0000:0B3B idle  LDIV@
 0000:0B3B idle  F_LDIV@
 0000:0B3F idle  N_LUDIV@
 0000:0B42       F_LUDIV@
 0000:0B42 idle  LUDIV@
 0000:0B47 idle  N_LMOD@
 0000:0B4A idle  F_LMOD@
 0000:0B4A idle  LMOD@
 0000:0B4F idle  N_LUMOD@
 0000:0B52 idle  LUMOD@
 0000:0B52 idle  F_LUMOD@
 0000:0BE6       N_LXLSH@
 0000:0BE9       F_LXLSH@
 0000:0BE9 idle  LXLSH@
 0000:0C07 idle  N_LXURSH@
 0000:0C0A       F_LXURSH@
 0000:0C0A idle  LXURSH@
 0000:0C28       N_PADD@
 0000:0C2B idle  F_PADD@
 0000:0C2B idle  PADD@
 0000:0C57 idle  N_PSUB@
 0000:0C5A idle  F_PSUB@
 0000:0C5A idle  PSUB@
 0000:0C88       __IOERROR
 0000:0CC1 idle  __DOSERROR
 0000:0CD3       _isatty
 0000:0CE4       __LONGTOA
 0000:0D66 idle  __UTOA
 0000:0D86       _lseek
 0000:0DAF       N_PCMP@
 0000:0DD0       __setupio
 0000:0E32 idle  FICRQQ
 0000:0EA2       __VPRINTER
 0000:1000 idle  __AHINCR
 0000:1365       __VPTR
 0000:138A       __VRAM
 0000:1404       __CPUTN
 0000:1536 idle  _cprintf
 0000:158D       __VideoInt
 0000:1618 idle  __c0crtinit
 0000:1632  Abs  FIERQQ
 0000:1635 idle  __crtinit
 0000:1716 idle  ___first
 0000:1718 idle  ___last
 0000:171A idle  ___rover
 0000:1856       _free
 0000:1856 idle  _farfree
 0000:1960       _malloc
 0000:196A idle  _farmalloc
 0000:1AC7 idle  _realloc
 0000:1ACE idle  _farrealloc
 0000:1BBE       __brk
 0000:1BFD       __sbrk
 0000:1C88       _getch
 0000:1CA1 idle  __Ngetche
 0000:1CA4 idle  _getche
 0000:1CC5 idle  __Nungetch
 0000:1CC8 idle  _ungetch
 0000:1CE6       _gettext
 0000:1D3C       _puttext
 0000:1D92       _kbhit
 0000:1DA4       _movetext
 0000:1E41       _putch
 0000:1E58       __REALCVT
 0000:1F92       __SCREENIO
 0000:1FCE       __VALIDATEXY
 0000:2045       __SCROLL
 0000:21B1       _setblock
 0000:21CD       _setjmp
 0000:2203       _longjmp
 0000:2237       __wherexy
 0000:2241 idle  _wherex
 0000:2250 idle  _wherey
 0000:2263       _fflush
 0000:2330       _flushall
 0000:2372       _fprintf
 0000:2410       _fseek
 0000:2490 idle  _ftell
 0000:2570       _memcpy
 0000:2594       _printf
 0000:25AF idle  __fputc
 0000:25CB idle  _fputc
 0000:2760 idle  _fputchar
 0000:2774       __FPUTN
 0000:2977       _setvbuf
 0000:2AD4       _sprintf
 0000:2AF6 idle  _vsprintf
 0000:2B17       ___write
 0000:2C68       __write
 0000:2CA4       __xfflush
 0000:4000 idle  FJARQQ
 0000:5C32  Abs  FIDRQQ
 0000:8000 idle  FJSRQQ
 0000:A23D  Abs  FIWRQQ
 0000:C000 idle  FJCRQQ
 0000:FE32 idle  FIARQQ
 02CD:000C       _main
 02CD:004F idle  _TaskStart
 02CD:0449 idle  _Task
 02CD:04E5 idle  _printCtxSwMessage
 031E:0006       _OSStartHighRdy
 031E:0024       _OSCtxSw
 031E:005F       _OSIntCtxSw
 031E:008C       _OSTickISR
 032B:000C       _OSInitHookBegin
 032B:000D       _OSInitHookEnd
 032B:000E       _OSTaskCreateHook
 032B:0013       _OSTaskDelHook
 032B:0018       _OSTaskIdleHook
 032B:0019       _OSTaskStatHook
 032B:001A       _OSTaskStkInit
 032B:0100 idle  _OSTaskStkInit_FPE_x86
 032B:01DB       _OSTaskSwHook
 032B:01DC       _OSTCBInitHook
 032B:01E1       _OSTimeTickHook
 0349:0002 idle  _PC_DispChar
 0349:0040 idle  _PC_DispClrCol
 0349:0086 idle  _PC_DispClrRow
 0349:00BF       _PC_DispClrScr
 0349:00F0       _PC_DispStr
 0349:013F       _PC_DOSReturn
 0349:0153       _PC_DOSSaveReturn
 0349:01C1 idle  _PC_ElapsedInit
 0349:01D5 idle  _PC_ElapsedStart
 0349:01FB idle  _PC_ElapsedStop
 0349:024C idle  _PC_GetDateTime
 0349:029F       _PC_GetKey
 0349:02C6       _PC_SetTickRate
 0349:0313 idle  _PC_VectGet
 0349:034A       _PC_VectSet
 0380:000F       _OSInit
 0380:0047 idle  _OSIntEnter
 0380:005A       _OSIntExit
 0380:0121 idle  _OSSchedLock
 0380:0137 idle  _OSSchedUnlock
 0380:0164       _OSStart
 0380:01C3       _OSStatInit
 0380:01FE       _OSTimeTick
 0380:029D       _OSVersion
 0380:02A1 idle  _OS_Dummy
 0380:02A2 idle  _OS_EventTaskRdy
 0380:036C idle  _OS_EventTaskWait
 0380:03D9 idle  _OS_EventTO
 0380:042D idle  _OS_EventWaitListInit
 0380:0627 idle  _OS_Sched
 0380:06D7 idle  _OS_TaskIdle
 0380:06FC idle  _OS_TaskStat
 0380:07C8 idle  _OS_TCBInit
 0380:095B idle  _OSFlagAccept
 0380:0A8D idle  _OSFlagCreate
 0380:0B05 idle  _OSFlagDel
 0380:0C47 idle  _OSFlagPend
 0380:0EA1 idle  _OSFlagPost
 0380:1041 idle  _OSFlagQuery
 0380:1163 idle  _OS_FlagInit
 0380:1222 idle  _OS_FlagUnlink
 0380:12D1 idle  _OSMboxAccept
 0380:131C       _OSMboxCreate
 0380:1391 idle  _OSMboxDel
 0380:14AF idle  _OSMboxPend
 0380:15B1 idle  _OSMboxPost
 0380:1629 idle  _OSMboxPostOpt
 0380:16CC idle  _OSMboxQuery
 0380:175A idle  _OSMemCreate
 0380:18A5 idle  _OSMemGet
 0380:1923 idle  _OSMemPut
 0380:1993 idle  _OSMemQuery
 0380:1A3C idle  _OS_MemInit
 0380:1AE0 idle  _OSMutexAccept
 0380:1B6B idle  _OSMutexCreate
 0380:1C51 idle  _OSMutexDel
 0380:1DAB idle  _OSMutexPend
 0380:1F96 idle  _OSMutexPost
 0380:211E idle  _OSMutexQuery
 0380:21D3 idle  _OSQAccept
 0380:2273 idle  _OSQCreate
 0380:2396 idle  _OSQDel
 0380:2513 idle  _OSQFlush
 0380:256B idle  _OSQPend
 0380:26B1 idle  _OSQPost
 0380:2779 idle  _OSQPostFront
 0380:283B idle  _OSQPostOpt
 0380:2979 idle  _OSQQuery
 0380:2A4E idle  _OS_QInit
 0380:2A9E idle  _OSSemAccept
 0380:2AD0 idle  _OSSemCreate
 0380:2B44 idle  _OSSemDel
 0380:2C62 idle  _OSSemPend
 0380:2D12 idle  _OSSemPost
 0380:2D6C idle  _OSSemQuery
 0380:2DF2 idle  _OSTaskChangePrio
 0380:2FBE       _OSTaskCreate
 0380:307B idle  _OSTaskCreateExt
 0380:316B idle  _OSTaskDel
 0380:334A idle  _OSTaskDelReq
 0380:33B6 idle  _OSTaskResume
 0380:3435 idle  _OSTaskStkChk
 0380:351A idle  _OSTaskSuspend
 0380:35C8 idle  _OSTaskQuery
 0380:3636       _OSTimeDly
 0380:367D       _OSTimeDlyHMSM
 0380:376C idle  _OSTimeDlyResume
 0380:37E4       _OSTimeGet
 0380:3803 idle  _OSTimeSet
 0702:2152       e086_Entry
 0702:26E0       e086_Shortcut
 097A:0306       e087_Entry
 097A:03C6       e087_Shortcut
 097A:0430       e087_Trap
 09D7:0000 idle  DATASEG@
 09D7:005B idle  __Int0Vector
 09D7:005F idle  __Int4Vector
 09D7:0063 idle  __Int5Vector
 09D7:0067 idle  __Int6Vector
 09D7:006B idle  __C0argc
 09D7:006D idle  __C0argv
 09D7:0071 idle  __C0environ
 09D7:0075 idle  __envLng
 09D7:0077 idle  __envseg
 09D7:0079 idle  __envSize
 09D7:007B       __psp
 09D7:007D idle  __osversion
 09D7:007D idle  __osmajor
 09D7:007D       __version
 09D7:007E idle  __osminor
 09D7:007F       _errno
 09D7:0081 idle  __StartTime
 09D7:0085 idle  ___brklvl
 09D7:0087       __heapbase
 09D7:008B       __brklvl
 09D7:008F       __heaptop
 09D7:0094       _CtxSwMessageTop
 09D7:0348 idle  _OSMapTbl
 09D7:0350 idle  _OSUnMapTbl
 09D7:0480       __8087
 09D7:0490       __protected
 09D7:0491       __LDT
 09D7:0494       __default87
 09D7:05B0       __atexitcnt
 09D7:05B2       __exitbuf
 09D7:05B6 idle  __exitfopen
 09D7:05BA idle  __exitopen
 09D7:05BE       __streams
 09D7:074E       __nfile
 09D7:0750       __openfd
 09D7:0778       __fpstklen
 09D7:077A idle  __doserrno
 09D7:077C idle  __dosErrorToSV
 09D7:07D6       __stklen
 09D7:0840       __wscroll
 09D7:0842       __video
 09D7:0851       _directvideo
 09D7:088E       __cFlag
 09D7:088F       __cChar
 09D7:0896       __RealCvtVector
 09D7:089A idle  __ScanTodVector
 09D7:08B8 idle  _TaskData
 09D7:08C0 idle  _TaskPrintCtxSwStk
 09D7:0CC0 idle  _TaskStartStk
 09D7:10C0 idle  _TaskStk
 09D7:18C0 idle  _printCtxSwMbox
 09D7:18C4       _CtxSwMessage
 09D7:535C       _OSTickDOSCtr
 09D7:535E idle  _PC_TickISR
 09D7:537A idle  _OSTime
 09D7:537E idle  _OSQTbl
 09D7:53AE idle  _OSQFreeList
 09D7:53B2 idle  _OSMemTbl
 09D7:5416 idle  _OSMemFreeList
 09D7:541A idle  _OSTCBTbl
 09D7:5719 idle  _OSTCBPrioTbl
 09D7:574D idle  _OSTCBList
 09D7:5751       _OSTCBHighRdy
 09D7:5755 idle  _OSTCBFreeList
 09D7:5759       _OSTCBCur
 09D7:575D idle  _OSTaskIdleStk
 09D7:5B5D idle  _OSIdleCtr
 09D7:5B61       _OSTaskCtr
 09D7:5B62       _OSRunning
 09D7:5B63 idle  _OSRdyTbl
 09D7:5B65 idle  _OSRdyGrp
 09D7:5B66       _OSPrioHighRdy
 09D7:5B67       _OSPrioCur
 09D7:5B68 idle  _OSLockNesting
 09D7:5B69 idle  _OSIntExitY
 09D7:5B6A       _OSIntNesting
 09D7:5B6B idle  _OSTaskStatStk
 09D7:5F6B idle  _OSStatRdy
 09D7:5F6C idle  _OSIdleCtrRun
 09D7:5F70 idle  _OSIdleCtrMax
 09D7:5F74       _OSCPUUsage
 09D7:5F75 idle  _OSFlagFreeList
 09D7:5F79 idle  _OSFlagTbl
 09D7:5F9C idle  _OSEventTbl
 09D7:5FB0 idle  _OSEventFreeList
 09D7:5FB4       _OSCtxSwCtr
 09D7:5FB8       __atexittbl
 09D7:6038       ___SignalPtr
 0FDB:0000       __emu

Program entry point at 0000:0000

